MariaDB [countries]> desc jobs1;
+------------+-------------+------+-----+---------+-------+
| Field      | Type        | Null | Key | Default | Extra |
+------------+-------------+------+-----+---------+-------+
| job_id     | int(11)     | YES  |     | NULL    |       |
| job_title  | varchar(20) | YES  |     | NULL    |       |
| min_salary | float(7,2)  | YES  |     | 8000.00 |       |
| max_salary | float(8,2)  | YES  |     | 0.00    |       |
+------------+-------------+------+-----+---------+-------+
4 rows in set (0.025 sec)

MariaDB [countries]> create table dept;
ERROR 1113 (42000): A table must have at least 1 column
MariaDB [countries]> create table dept
    -> (DEPARTMENT_ID int , DEPARTMENT_NAME varchar(30), MANAGER_ID int,LOCTION_ID int);
Query OK, 0 rows affected (0.065 sec)

MariaDB [countries]> desc dept;
+-----------------+-------------+------+-----+---------+-------+
| Field           | Type        | Null | Key | Default | Extra |
+-----------------+-------------+------+-----+---------+-------+
| DEPARTMENT_ID   | int(11)     | YES  |     | NULL    |       |
| DEPARTMENT_NAME | varchar(30) | YES  |     | NULL    |       |
| MANAGER_ID      | int(11)     | YES  |     | NULL    |       |
| LOCTION_ID      | int(11)     | YES  |     | NULL    |       |
+-----------------+-------------+------+-----+---------+-------+
4 rows in set (0.372 sec)

MariaDB [countries]> alter table dept
    -> add primary key(DEPARTMENT_ID,MANAGER_ID);
Query OK, 0 rows affected (0.199 sec)
Records: 0  Duplicates: 0  Warnings: 0

MariaDB [countries]> DESC DEPT;
+-----------------+-------------+------+-----+---------+-------+
| Field           | Type        | Null | Key | Default | Extra |
+-----------------+-------------+------+-----+---------+-------+
| DEPARTMENT_ID   | int(11)     | NO   | PRI | NULL    |       |
| DEPARTMENT_NAME | varchar(30) | YES  |     | NULL    |       |
| MANAGER_ID      | int(11)     | NO   | PRI | NULL    |       |
| LOCTION_ID      | int(11)     | YES  |     | NULL    |       |
+-----------------+-------------+------+-----+---------+-------+
4 rows in set (0.020 sec)

MariaDB [countries]> alter table dept
    -> modify column DEPARTMENT_NAME varchar(30) not null;
Query OK, 0 rows affected (0.502 sec)
Records: 0  Duplicates: 0  Warnings: 0

MariaDB [countries]> desc dept;
+-----------------+-------------+------+-----+---------+-------+
| Field           | Type        | Null | Key | Default | Extra |
+-----------------+-------------+------+-----+---------+-------+
| DEPARTMENT_ID   | int(11)     | NO   | PRI | NULL    |       |
| DEPARTMENT_NAME | varchar(30) | NO   |     | NULL    |       |
| MANAGER_ID      | int(11)     | NO   | PRI | NULL    |       |
| LOCTION_ID      | int(11)     | YES  |     | NULL    |       |
+-----------------+-------------+------+-----+---------+-------+
4 rows in set (0.022 sec)

MariaDB [countries]> show tables;
ERROR 2006 (HY000): MySQL server has gone away
No connection. Trying to reconnect...
Connection id:    11
Current database: countries

+---------------------+
| Tables_in_countries |
+---------------------+
| country             |
| dept                |
| job_history         |
| jobs                |
| jobs1               |
+---------------------+
5 rows in set (0.191 sec)

MariaDB [countries]> alter table dept
    -> drop primary key;
Query OK, 0 rows affected (0.885 sec)
Records: 0  Duplicates: 0  Warnings: 0

MariaDB [countries]> alter table dept
    -> drop primary key;
ERROR 1091 (42000): Can't DROP INDEX `PRIMARY`; check that it exists
MariaDB [countries]> desc dept;
+-----------------+-------------+------+-----+---------+-------+
| Field           | Type        | Null | Key | Default | Extra |
+-----------------+-------------+------+-----+---------+-------+
| DEPARTMENT_ID   | int(11)     | NO   |     | NULL    |       |
| DEPARTMENT_NAME | varchar(30) | NO   |     | NULL    |       |
| MANAGER_ID      | int(11)     | NO   |     | NULL    |       |
| LOCTION_ID      | int(11)     | YES  |     | NULL    |       |
+-----------------+-------------+------+-----+---------+-------+
4 rows in set (0.156 sec)

MariaDB [countries]> desc jobs;
+------------+-------------+------+-----+---------+-------+
| Field      | Type        | Null | Key | Default | Extra |
+------------+-------------+------+-----+---------+-------+
| job_id     | int(11)     | NO   | PRI | NULL    |       |
| job_title  | varchar(20) | NO   |     | NULL    |       |
| min_salary | float(7,2)  | YES  |     | NULL    |       |
| max_salary | float(8,2)  | YES  |     | NULL    |       |
+------------+-------------+------+-----+---------+-------+
4 rows in set (0.404 sec)

MariaDB [countries]> show create table jobs;
+-------+-------------------------------------------------------------------------------------------------------------------------------------------------------------------------------------------------------------------------------------------------------------------------------------------------+
| Table | Create Table                                                                                                                                                                                                                                                                                    |
+-------+-------------------------------------------------------------------------------------------------------------------------------------------------------------------------------------------------------------------------------------------------------------------------------------------------+
| jobs  | CREATE TABLE `jobs` (
  `job_id` int(11) NOT NULL,
  `job_title` varchar(20) NOT NULL,
  `min_salary` float(7,2) DEFAULT NULL,
  `max_salary` float(8,2) DEFAULT NULL CHECK (`max_salary` > 25000),
  PRIMARY KEY (`job_id`)
) ENGINE=InnoDB DEFAULT CHARSET=utf8mb4 COLLATE=utf8mb4_general_ci |
+-------+-------------------------------------------------------------------------------------------------------------------------------------------------------------------------------------------------------------------------------------------------------------------------------------------------+
1 row in set (0.000 sec)

MariaDB [countries]> create database e1;
Query OK, 1 row affected (0.002 sec)

MariaDB [countries]> show databases;
+--------------------+
| Database           |
+--------------------+
| countries          |
| dec14              |
| e1                 |
| emp                |
| employee           |
| hotelbooking       |
| iii                |
| implementation     |
| information_schema |
| my1                |
| my2                |
| mydata             |
| mydb               |
| mysql              |
| performance_schema |
| phpmyadmin         |
| pract              |
| school             |
| stu                |
| student            |
| test               |
| user               |
+--------------------+
22 rows in set (0.002 sec)

MariaDB [countries]> use e1;
Database changed
MariaDB [e1]> create table student
    -> (sid int,sname varchar(20),Age int);
Query OK, 0 rows affected (0.121 sec)

MariaDB [e1]> create table dept
    -> (dno int,bname varchar(20));
Query OK, 0 rows affected (0.163 sec)

MariaDB [e1]> desc student;
+-------+-------------+------+-----+---------+-------+
| Field | Type        | Null | Key | Default | Extra |
+-------+-------------+------+-----+---------+-------+
| sid   | int(11)     | YES  |     | NULL    |       |
| sname | varchar(20) | YES  |     | NULL    |       |
| Age   | int(11)     | YES  |     | NULL    |       |
+-------+-------------+------+-----+---------+-------+
3 rows in set (0.378 sec)

MariaDB [e1]> alter table student
    -> add primary key(sid,sname);
Query OK, 0 rows affected (0.468 sec)
Records: 0  Duplicates: 0  Warnings: 0

MariaDB [e1]> desc student;
+-------+-------------+------+-----+---------+-------+
| Field | Type        | Null | Key | Default | Extra |
+-------+-------------+------+-----+---------+-------+
| sid   | int(11)     | NO   | PRI | NULL    |       |
| sname | varchar(20) | NO   | PRI | NULL    |       |
| Age   | int(11)     | YES  |     | NULL    |       |
+-------+-------------+------+-----+---------+-------+
3 rows in set (0.029 sec)

MariaDB [e1]> alter table dept
    -> add column sid int,sname varchar(20);
ERROR 1064 (42000): You have an error in your SQL syntax; check the manual that corresponds to your MariaDB server version for the right syntax to use near 'varchar(20)' at line 2
MariaDB [e1]> alter table dept
    -> add column sid int,add column sname varchar(20);
Query OK, 0 rows affected (0.041 sec)
Records: 0  Duplicates: 0  Warnings: 0

MariaDB [e1]> desc dept;
+-------+-------------+------+-----+---------+-------+
| Field | Type        | Null | Key | Default | Extra |
+-------+-------------+------+-----+---------+-------+
| dno   | int(11)     | YES  |     | NULL    |       |
| bname | varchar(20) | YES  |     | NULL    |       |
| sid   | int(11)     | YES  |     | NULL    |       |
| sname | varchar(20) | YES  |     | NULL    |       |
+-------+-------------+------+-----+---------+-------+
4 rows in set (0.373 sec)

MariaDB [e1]> alter table dept
    -> add foreign key(sid,sname)
    -> references student(sid,sname);
Query OK, 0 rows affected (0.727 sec)
Records: 0  Duplicates: 0  Warnings: 0

MariaDB [e1]> show create table dept;
+-------+---------------------------------------------------------------------------------------------------------------------------------------------------------------------------------------------------------------------------------------------------------------------------------------------------------------------------------------------------------+
| Table | Create Table                                                                                                                                                                                                                                                                                                                                            |
+-------+---------------------------------------------------------------------------------------------------------------------------------------------------------------------------------------------------------------------------------------------------------------------------------------------------------------------------------------------------------+
| dept  | CREATE TABLE `dept` (
  `dno` int(11) DEFAULT NULL,
  `bname` varchar(20) DEFAULT NULL,
  `sid` int(11) DEFAULT NULL,
  `sname` varchar(20) DEFAULT NULL,
  KEY `sid` (`sid`,`sname`),
  CONSTRAINT `dept_ibfk_1` FOREIGN KEY (`sid`, `sname`) REFERENCES `student` (`sid`, `sname`)
) ENGINE=InnoDB DEFAULT CHARSET=utf8mb4 COLLATE=utf8mb4_general_ci |
+-------+---------------------------------------------------------------------------------------------------------------------------------------------------------------------------------------------------------------------------------------------------------------------------------------------------------------------------------------------------------+
1 row in set (0.003 sec)

MariaDB [e1]> alter table dept
    -> modify column dno int check (dno > 10);
Query OK, 0 rows affected (0.342 sec)
Records: 0  Duplicates: 0  Warnings: 0

MariaDB [e1]> show create table dept;
+-------+----------------------------------------------------------------------------------------------------------------------------------------------------------------------------------------------------------------------------------------------------------------------------------------------------------------------------------------------------------------------------+
| Table | Create Table                                                                                                                                                                                                                                                                                                                                                               |
+-------+----------------------------------------------------------------------------------------------------------------------------------------------------------------------------------------------------------------------------------------------------------------------------------------------------------------------------------------------------------------------------+
| dept  | CREATE TABLE `dept` (
  `dno` int(11) DEFAULT NULL CHECK (`dno` > 10),
  `bname` varchar(20) DEFAULT NULL,
  `sid` int(11) DEFAULT NULL,
  `sname` varchar(20) DEFAULT NULL,
  KEY `sid` (`sid`,`sname`),
  CONSTRAINT `dept_ibfk_1` FOREIGN KEY (`sid`, `sname`) REFERENCES `student` (`sid`, `sname`)
) ENGINE=InnoDB DEFAULT CHARSET=utf8mb4 COLLATE=utf8mb4_general_ci |
+-------+----------------------------------------------------------------------------------------------------------------------------------------------------------------------------------------------------------------------------------------------------------------------------------------------------------------------------------------------------------------------------+
1 row in set (0.000 sec)

MariaDB [e1]> alter table dept
    -> drop constraint dept_ibfk_1;
Query OK, 0 rows affected (0.014 sec)
Records: 0  Duplicates: 0  Warnings: 0

MariaDB [e1]> alter table dept
    -> drop constraint ;
ERROR 2006 (HY000): MySQL server has gone away
No connection. Trying to reconnect...
Connection id:    12
Current database: e1

ERROR 1064 (42000): You have an error in your SQL syntax; check the manual that corresponds to your MariaDB server version for the right syntax to use near '' at line 2
MariaDB [e1]> show tables;
+--------------+
| Tables_in_e1 |
+--------------+
| dept         |
| student      |
+--------------+
2 rows in set (0.001 sec)

MariaDB [e1]> create table stu
    -> (adhar int primary key,);
ERROR 1064 (42000): You have an error in your SQL syntax; check the manual that corresponds to your MariaDB server version for the right syntax to use near ')' at line 2
MariaDB [e1]> create table stu
    -> (adhar int primary key,);
ERROR 1064 (42000): You have an error in your SQL syntax; check the manual that corresponds to your MariaDB server version for the right syntax to use near ')' at line 2
MariaDB [e1]> create table stu
    -> (adhar int primary key,);
ERROR 1064 (42000): You have an error in your SQL syntax; check the manual that corresponds to your MariaDB server version for the right syntax to use near ')' at line 2
MariaDB [e1]> create table stu
    -> ()
    -> create table stu;
ERROR 1064 (42000): You have an error in your SQL syntax; check the manual that corresponds to your MariaDB server version for the right syntax to use near ')
create table stu' at line 2
MariaDB [e1]> create table stu
    -> (
    -> adhar int primary key'
    '> ,name varchar(20) not null,
    '> age int check age >= 18,
    '> mobno int unique,
    '> address varchar(20) default("Pune"));
    '> ;
    '>
    '>
    '>
    '>
    '> Ctrl-C -- exit!
Bye

C:\xampp\mysql\bin>mysql.exe -u root
Welcome to the MariaDB monitor.  Commands end with ; or \g.
Your MariaDB connection id is 13
Server version: 10.4.32-MariaDB mariadb.org binary distribution

Copyright (c) 2000, 2018, Oracle, MariaDB Corporation Ab and others.

Type 'help;' or '\h' for help. Type '\c' to clear the current input statement.

MariaDB [(none)]> show databases;
+--------------------+
| Database           |
+--------------------+
| countries          |
| dec14              |
| e1                 |
| emp                |
| employee           |
| hotelbooking       |
| iii                |
| implementation     |
| information_schema |
| my1                |
| my2                |
| mydata             |
| mydb               |
| mysql              |
| performance_schema |
| phpmyadmin         |
| pract              |
| school             |
| stu                |
| student            |
| test               |
| user               |
+--------------------+
22 rows in set (0.001 sec)

MariaDB [(none)]> create database Pract1;
Query OK, 1 row affected (0.002 sec)

MariaDB [(none)]> show databases;
+--------------------+
| Database           |
+--------------------+
| countries          |
| dec14              |
| e1                 |
| emp                |
| employee           |
| hotelbooking       |
| iii                |
| implementation     |
| information_schema |
| my1                |
| my2                |
| mydata             |
| mydb               |
| mysql              |
| performance_schema |
| phpmyadmin         |
| pract              |
| pract1             |
| school             |
| stu                |
| student            |
| test               |
| user               |
+--------------------+
23 rows in set (0.001 sec)

MariaDB [(none)]> use pract1;
Database changed
MariaDB [pract1]> show tables;
Empty set (0.001 sec)

MariaDB [pract1]> create table student
    -> (
    -> rollno int primary key,
    -> name varchar(20) not null,
    -> age int check (age >= 18),
    -> mobno int unique,
    -> address varchar(20) default ("pune"));
Query OK, 0 rows affected (0.406 sec)

MariaDB [pract1]> desc student;
+---------+-------------+------+-----+---------+-------+
| Field   | Type        | Null | Key | Default | Extra |
+---------+-------------+------+-----+---------+-------+
| rollno  | int(11)     | NO   | PRI | NULL    |       |
| name    | varchar(20) | NO   |     | NULL    |       |
| age     | int(11)     | YES  |     | NULL    |       |
| mobno   | int(11)     | YES  | UNI | NULL    |       |
| address | varchar(20) | YES  |     | pune    |       |
+---------+-------------+------+-----+---------+-------+
5 rows in set (0.022 sec)

MariaDB [pract1]> alter table student
    -> drop constraint primary key;
Query OK, 0 rows affected (0.136 sec)
Records: 0  Duplicates: 0  Warnings: 0

MariaDB [pract1]> desc student;
+---------+-------------+------+-----+---------+-------+
| Field   | Type        | Null | Key | Default | Extra |
+---------+-------------+------+-----+---------+-------+
| rollno  | int(11)     | NO   |     | NULL    |       |
| name    | varchar(20) | NO   |     | NULL    |       |
| age     | int(11)     | YES  |     | NULL    |       |
| mobno   | int(11)     | YES  | UNI | NULL    |       |
| address | varchar(20) | YES  |     | pune    |       |
+---------+-------------+------+-----+---------+-------+
5 rows in set (0.023 sec)

MariaDB [pract1]> alter table student
    -> modify column mobno int;
Query OK, 0 rows affected (0.007 sec)
Records: 0  Duplicates: 0  Warnings: 0

MariaDB [pract1]> desc student;
+---------+-------------+------+-----+---------+-------+
| Field   | Type        | Null | Key | Default | Extra |
+---------+-------------+------+-----+---------+-------+
| rollno  | int(11)     | NO   |     | NULL    |       |
| name    | varchar(20) | NO   |     | NULL    |       |
| age     | int(11)     | YES  |     | NULL    |       |
| mobno   | int(11)     | YES  | UNI | NULL    |       |
| address | varchar(20) | YES  |     | pune    |       |
+---------+-------------+------+-----+---------+-------+
5 rows in set (0.022 sec)

MariaDB [pract1]> insert into student
    -> values (1,"name1",22,9860293951,"pune");
Query OK, 1 row affected, 1 warning (0.365 sec)

MariaDB [pract1]> select * from student;
+--------+-------+------+------------+---------+
| rollno | name  | age  | mobno      | address |
+--------+-------+------+------------+---------+
|      1 | name1 |   22 | 2147483647 | pune    |
+--------+-------+------+------------+---------+
1 row in set (0.002 sec)

MariaDB [pract1]> insert into student
    -> values (1,"name1",22,2147483647);
ERROR 1136 (21S01): Column count doesn't match value count at row 1
MariaDB [pract1]> insert into student
    -> values (1,"name1",22,2147483647,pune);
ERROR 1054 (42S22): Unknown column 'pune' in 'field list'
MariaDB [pract1]> insert into student
    -> values (1,"name1",22,2147483647,'pune');
ERROR 1062 (23000): Duplicate entry '2147483647' for key 'mobno'
MariaDB [pract1]> alter table student
    -> modify column mobno int;
Query OK, 0 rows affected (0.008 sec)
Records: 0  Duplicates: 0  Warnings: 0

MariaDB [pract1]> desc student;
+---------+-------------+------+-----+---------+-------+
| Field   | Type        | Null | Key | Default | Extra |
+---------+-------------+------+-----+---------+-------+
| rollno  | int(11)     | NO   |     | NULL    |       |
| name    | varchar(20) | NO   |     | NULL    |       |
| age     | int(11)     | YES  |     | NULL    |       |
| mobno   | int(11)     | YES  | UNI | NULL    |       |
| address | varchar(20) | YES  |     | pune    |       |
+---------+-------------+------+-----+---------+-------+
5 rows in set (0.354 sec)

MariaDB [pract1]> alter table student
    -> drop constraint unique;
ERROR 1064 (42000): You have an error in your SQL syntax; check the manual that corresponds to your MariaDB server version for the right syntax to use near 'unique' at line 2
MariaDB [pract1]> alter table student
    -> change column mobno mobino int;
Query OK, 0 rows affected (0.014 sec)
Records: 0  Duplicates: 0  Warnings: 0

MariaDB [pract1]> desc student;
+---------+-------------+------+-----+---------+-------+
| Field   | Type        | Null | Key | Default | Extra |
+---------+-------------+------+-----+---------+-------+
| rollno  | int(11)     | NO   |     | NULL    |       |
| name    | varchar(20) | NO   |     | NULL    |       |
| age     | int(11)     | YES  |     | NULL    |       |
| mobino  | int(11)     | YES  | UNI | NULL    |       |
| address | varchar(20) | YES  |     | pune    |       |
+---------+-------------+------+-----+---------+-------+
5 rows in set (0.381 sec)

MariaDB [pract1]> alter table student
    -> drop column rollno;
Query OK, 0 rows affected (0.018 sec)
Records: 0  Duplicates: 0  Warnings: 0

MariaDB [pract1]> alter table student
    -> add column aadhar int primary key;
Query OK, 0 rows affected (0.589 sec)
Records: 0  Duplicates: 0  Warnings: 0

MariaDB [pract1]> alter table student
    -> drop column aadhar;
Query OK, 1 row affected (0.116 sec)
Records: 1  Duplicates: 0  Warnings: 0

MariaDB [pract1]> desc student;
+---------+-------------+------+-----+---------+-------+
| Field   | Type        | Null | Key | Default | Extra |
+---------+-------------+------+-----+---------+-------+
| name    | varchar(20) | NO   |     | NULL    |       |
| age     | int(11)     | YES  |     | NULL    |       |
| mobino  | int(11)     | YES  | UNI | NULL    |       |
| address | varchar(20) | YES  |     | pune    |       |
+---------+-------------+------+-----+---------+-------+
4 rows in set (0.025 sec)

MariaDB [pract1]> alter table student
    -> add column aadhar int primary key
    -> first;
Query OK, 0 rows affected (0.494 sec)
Records: 0  Duplicates: 0  Warnings: 0

MariaDB [pract1]> desc student;
+---------+-------------+------+-----+---------+-------+
| Field   | Type        | Null | Key | Default | Extra |
+---------+-------------+------+-----+---------+-------+
| aadhar  | int(11)     | NO   | PRI | NULL    |       |
| name    | varchar(20) | NO   |     | NULL    |       |
| age     | int(11)     | YES  |     | NULL    |       |
| mobino  | int(11)     | YES  | UNI | NULL    |       |
| address | varchar(20) | YES  |     | pune    |       |
+---------+-------------+------+-----+---------+-------+
5 rows in set (0.044 sec)

MariaDB [pract1]> create table car
    -> (chessino int primary key,company varchar(20),adno int,foreign key(adno) references student(aadhar));
Query OK, 0 rows affected (0.396 sec)

MariaDB [pract1]> desc car;
+----------+-------------+------+-----+---------+-------+
| Field    | Type        | Null | Key | Default | Extra |
+----------+-------------+------+-----+---------+-------+
| chessino | int(11)     | NO   | PRI | NULL    |       |
| company  | varchar(20) | YES  |     | NULL    |       |
| adno     | int(11)     | YES  | MUL | NULL    |       |
+----------+-------------+------+-----+---------+-------+
3 rows in set (0.024 sec)

MariaDB [pract1]> rename table student to employee;
Query OK, 0 rows affected (0.023 sec)

MariaDB [pract1]> show tables;
+------------------+
| Tables_in_pract1 |
+------------------+
| car              |
| employee         |
+------------------+
2 rows in set (0.001 sec)

MariaDB [pract1]> show create table student;
ERROR 1146 (42S02): Table 'pract1.student' doesn't exist
MariaDB [pract1]> show create table employee
    -> ;
+----------+-----------------------------------------------------------------------------------------------------------------------------------------------------------------------------------------------------------------------------------------------------------------------------------------------------------------------------------------------+
| Table    | Create Table                                                                                                                                                                                                                                                                                                                                  |
+----------+-----------------------------------------------------------------------------------------------------------------------------------------------------------------------------------------------------------------------------------------------------------------------------------------------------------------------------------------------+
| employee | CREATE TABLE `employee` (
  `aadhar` int(11) NOT NULL,
  `name` varchar(20) NOT NULL,
  `age` int(11) DEFAULT NULL CHECK (`age` >= 18),
  `mobino` int(11) DEFAULT NULL,
  `address` varchar(20) DEFAULT 'pune',
  PRIMARY KEY (`aadhar`),
  UNIQUE KEY `mobno` (`mobino`)
) ENGINE=InnoDB DEFAULT CHARSET=utf8mb4 COLLATE=utf8mb4_general_ci |
+----------+-----------------------------------------------------------------------------------------------------------------------------------------------------------------------------------------------------------------------------------------------------------------------------------------------------------------------------------------------+
1 row in set (0.002 sec)

MariaDB [pract1]>
MariaDB [pract1]> alter table employee
    -> drop constraint employee_chk_1;
ERROR 1091 (42000): Can't DROP CONSTRAINT `employee_chk_1`; check that it exists
MariaDB [pract1]> alter table employee
    -> drop constraint check;
ERROR 1064 (42000): You have an error in your SQL syntax; check the manual that corresponds to your MariaDB server version for the right syntax to use near 'check' at line 2
MariaDB [pract1]>